// Jest Snapshot v1, https://goo.gl/fbAQLP

exports[`MovieDetailsContent renders correctly 1`] = `
<div
  className="movieDetailsContentContainer"
>
  <img
    alt="movie details"
    className="movieDetailsImage"
    src="test-file-stub"
  />
  <div
    className="movieDetailsContent"
  >
    <div
      className="movieDetailsNameRating"
    >
      <span
        className="movieDetailsName"
      >
        Pulp Fiction
      </span>
      <div
        className="movieDetailsRating"
      >
        4.3
      </div>
    </div>
    <div>
      Action & Adventure
    </div>
    <div
      className="movieDetailsDurationRelease"
    >
      <div>
        2004
      </div>
      <div>
        154
         
        min
      </div>
    </div>
    <div>
      Pulp Fiction is a 1994 American neo-noir black comedy crime film written and directed by Quentin Tarantino, who conceived it with Roger Avary.[4] Starring John Travolta, Samuel L. Jackson, Bruce Willis, Tim Roth, Ving Rhames, and Uma Thurman, it tells several stories of criminal Los Angeles. The title refers to the pulp magazines and hardboiled crime novels popular during the mid-20th century, known for their graphic violence and punchy dialogue.
    </div>
  </div>
</div>
`;
