// Jest Snapshot v1, https://goo.gl/fbAQLP

exports[`SearchButton renders correctly 1`] = `
<button
  className="searchButton"
  type="button"
>
  SEARCH
</button>
`;
