// Jest Snapshot v1, https://goo.gl/fbAQLP

exports[`ItemImage renders correctly 1`] = `
<img
  alt="Item"
  className="itemImage"
  src="test-file-stub"
/>
`;
