// Jest Snapshot v1, https://goo.gl/fbAQLP

exports[`AddMovieButton renders correctly 1`] = `
<button
  className="AddMovieButton"
  type="button"
>
  + ADD MOVIE
</button>
`;
