// Jest Snapshot v1, https://goo.gl/fbAQLP

exports[`ItemGenre renders correctly 1`] = `
<div
  className="itemGenre"
>
  Action & Adventure
</div>
`;
