// Jest Snapshot v1, https://goo.gl/fbAQLP

exports[`App renders correctly 1`] = `
Array [
  <header
    className="headerContainer"
  >
    <div
      className="blur"
    >
      <div
        className="headerTopContainer"
      >
        <div
          className="logoContainer"
        >
          <span
            className="netflix"
          >
            netflix
          </span>
          <span
            className="roulette"
          >
            roulette
          </span>
        </div>
        <button
          className="addMovieButton"
          disabled={false}
          id={null}
          onClick={[Function]}
          type="button"
        >
          + ADD MOVIE
          
        </button>
      </div>
      <div
        className="headerMainContainer"
      >
        <h1
          className="title"
        >
          FIND YOUR MOVIE
        </h1>
        <div
          className="searchContainer"
        >
          <input
            autoComplete="off"
            className="searchInput"
            onChange={[Function]}
            placeholder="What do you want to watch?"
            value=""
          />
          <button
            className="searchButton"
            disabled={false}
            id="searchButton"
            onClick={[Function]}
            type="button"
          >
            SEARCH
            
          </button>
        </div>
      </div>
    </div>
  </header>,
  <div
    className="useSearchContainer"
  >
    <h1
      className="title"
    >
      Use Search to find movies
    </h1>
  </div>,
  <footer
    className="footerContainer"
  >
    <div
      className="logoContainer"
    >
      <span
        className="netflix"
      >
        netflix
      </span>
      <span
        className="roulette"
      >
        roulette
      </span>
    </div>
  </footer>,
]
`;
