// Jest Snapshot v1, https://goo.gl/fbAQLP

exports[`ItemTitle renders correctly 1`] = `
<div
  className="itemTitle"
>
  Pulp Fiction
</div>
`;
