// Jest Snapshot v1, https://goo.gl/fbAQLP

exports[`MovieReleaseDate renders correctly 1`] = `
<div
  className="movieReleaseDate"
>
  2004
</div>
`;
