// Jest Snapshot v1, https://goo.gl/fbAQLP

exports[`EditMovie renders correctly 1`] = `
Array [
  <span
    className="title"
  >
    title
  </span>,
  <form
    onReset={[Function]}
    onSubmit={[Function]}
  >
    <div
      className="formInput"
    >
      <label
        className="label"
        htmlFor="id"
      >
        MOVIE ID
      </label>
      <input
        className="input"
        id="id"
        name="id"
        readOnly={true}
        type="text"
        value={1}
      />
    </div>
    <div
      className="formInput"
    >
      <label
        className="label required-label"
        htmlFor="title"
      >
        TITLE
      </label>
      <input
        autoComplete="off"
        className="input"
        defaultValue="Pulp Fiction"
        id="title"
        name="title"
        onChange={[Function]}
        placeholder="Title here"
        required={true}
        type="text"
      />
    </div>
    <div
      className="formInput"
    >
      <label
        className="label required-label"
        htmlFor="release_date"
      >
        RELEASE DATE
      </label>
      <input
        className="input"
        defaultValue="2004-03-15"
        id="release_date"
        name="release_date"
        onChange={[Function]}
        placeholder="Select Date"
        required={true}
        type="date"
      />
    </div>
    <div
      className="formInput"
    >
      <label
        className="label"
        htmlFor="poster_path"
      >
        MOVIE URL
      </label>
      <input
        autoComplete="off"
        className="input"
        defaultValue="test-file-stub"
        id="poster_path"
        name="poster_path"
        onChange={[Function]}
        placeholder="Movie URL here"
        type="url"
      />
    </div>
    <div
      className="formInput"
    >
      <label
        className="label required-label"
        htmlFor="genres"
      >
        GENRE
      </label>
      <div
        className="requiredSelectContainer"
      >
        <div
          className="select css-2b097c-container"
          id="genres"
          onKeyDown={[Function]}
        >
          <span
            aria-atomic="false"
            aria-live="polite"
            aria-relevant="additions text"
            className="css-1f43avz-a11yText-A11yText"
          />
          <div
            className="select__control css-yk16xz-control"
            onMouseDown={[Function]}
            onTouchEnd={[Function]}
          >
            <div
              className="select__value-container select__value-container--is-multi css-g1d714-ValueContainer"
            >
              <div
                className="select__placeholder css-1wa3eu0-placeholder"
              >
                Select Genre
              </div>
              <div
                className="css-b8ldur-Input"
              >
                <div
                  className="select__input"
                  style={
                    Object {
                      "display": "inline-block",
                    }
                  }
                >
                  <input
                    aria-autocomplete="list"
                    autoCapitalize="none"
                    autoComplete="off"
                    autoCorrect="off"
                    disabled={false}
                    id="react-select-2-input"
                    onBlur={[Function]}
                    onChange={[Function]}
                    onFocus={[Function]}
                    spellCheck="false"
                    style={
                      Object {
                        "background": 0,
                        "border": 0,
                        "boxSizing": "content-box",
                        "color": "inherit",
                        "fontSize": "inherit",
                        "label": "input",
                        "opacity": 1,
                        "outline": 0,
                        "padding": 0,
                        "width": "1px",
                      }
                    }
                    tabIndex="0"
                    type="text"
                    value=""
                  />
                  <div
                    style={
                      Object {
                        "height": 0,
                        "left": 0,
                        "overflow": "scroll",
                        "position": "absolute",
                        "top": 0,
                        "visibility": "hidden",
                        "whiteSpace": "pre",
                      }
                    }
                  >
                    
                  </div>
                </div>
              </div>
            </div>
            <div
              className="select__indicators css-1hb7zxy-IndicatorsContainer"
            >
              <span
                className="select__indicator-separator css-1okebmr-indicatorSeparator"
              />
              <div
                aria-hidden="true"
                className="select__indicator select__dropdown-indicator css-tlfecz-indicatorContainer"
                onMouseDown={[Function]}
                onTouchEnd={[Function]}
              >
                <i
                  aria-hidden="true"
                  className="fa fa-caret-down"
                />
              </div>
            </div>
          </div>
        </div>
        <input
          autoComplete="off"
          onChange={[Function]}
          required={true}
          style={
            Object {
              "height": 0,
              "opacity": 0,
              "position": "absolute",
              "width": "100%",
            }
          }
          tabIndex={-1}
          value={Array []}
        />
      </div>
    </div>
    <div
      className="formInput"
    >
      <label
        className="label required-label"
        htmlFor="overview"
      >
        OVERVIEW
      </label>
      <input
        autoComplete="off"
        className="input"
        defaultValue="Pulp Fiction is a 1994 American neo-noir black comedy crime film written and directed by Quentin Tarantino, who conceived it with Roger Avary.[4] Starring John Travolta, Samuel L. Jackson, Bruce Willis, Tim Roth, Ving Rhames, and Uma Thurman, it tells several stories of criminal Los Angeles. The title refers to the pulp magazines and hardboiled crime novels popular during the mid-20th century, known for their graphic violence and punchy dialogue."
        id="overview"
        name="overview"
        onChange={[Function]}
        placeholder="Overview here"
        required={true}
        type="text"
      />
    </div>
    <div
      className="formInput"
    >
      <label
        className="label"
        htmlFor="runtime"
      >
        RUNTIME
      </label>
      <input
        autoComplete="off"
        className="input"
        defaultValue={154}
        id="runtime"
        name="runtime"
        onChange={[Function]}
        placeholder="Runtime here"
        type="number"
      />
    </div>
    <div
      className="formInput"
    >
      <label
        className="label"
        htmlFor="budget"
      >
        BUDGET
      </label>
      <input
        autoComplete="off"
        className="input"
        defaultValue={55000000}
        id="budget"
        name="budget"
        onChange={[Function]}
        placeholder="Budget here"
        type="number"
      />
    </div>
    <div
      className="formInput"
    >
      <label
        className="label"
        htmlFor="revenue"
      >
        REVENUE
      </label>
      <input
        autoComplete="off"
        className="input"
        defaultValue={136906000}
        id="revenue"
        name="revenue"
        onChange={[Function]}
        placeholder="Revenue here"
        type="number"
      />
    </div>
    <div
      className="formInput"
    >
      <label
        className="label required-label"
        htmlFor="tagline"
      >
        TAGLINE
      </label>
      <input
        autoComplete="off"
        className="input"
        defaultValue="Mock tagline!"
        id="tagline"
        name="tagline"
        onChange={[Function]}
        placeholder="Tagline here"
        required={true}
        type="text"
      />
    </div>
    <div
      className="formInput"
    >
      <label
        className="label"
        htmlFor="vote_average"
      >
        VOTE AVERAGE
      </label>
      <input
        autoComplete="off"
        className="input"
        defaultValue={4.3}
        id="vote_average"
        name="vote_average"
        onChange={[Function]}
        placeholder="Vote average here"
        step="0.1"
        type="number"
      />
    </div>
    <div
      className="formInput"
    >
      <label
        className="label"
        htmlFor="vote_count"
      >
        VOTE COUNT
      </label>
      <input
        autoComplete="off"
        className="input"
        defaultValue={1195}
        id="vote_count"
        name="vote_count"
        onChange={[Function]}
        placeholder="Vote count here"
        type="number"
      />
    </div>
    <div
      className="modalFooter"
    >
      <button
        className="button"
        disabled=""
        id=""
        onClick={[Function]}
        type="reset"
      >
        RESET
        
      </button>
      <button
        className="button"
        disabled=""
        id=""
        onClick={[Function]}
        type="submit"
      >
        SAVE
        
      </button>
    </div>
  </form>,
]
`;
