// Jest Snapshot v1, https://goo.gl/fbAQLP

exports[`SearchInput renders correctly 1`] = `
<input
  className="searchInput"
  placeholder="What do you want to watch?"
/>
`;
