// Jest Snapshot v1, https://goo.gl/fbAQLP

exports[`ItemReleaseDate renders correctly 1`] = `
<div
  className="itemReleaseDate"
>
  2004
</div>
`;
