// Jest Snapshot v1, https://goo.gl/fbAQLP

exports[`App renders correctly 1`] = `
<div
  className="test_container"
>
  <h1
    className="test_fonts"
  >
    Hello React !
  </h1>
  <img
    alt="logo"
    src="test-file-stub"
  />
</div>
`;
