// Jest Snapshot v1, https://goo.gl/fbAQLP

exports[`Search renders correctly 1`] = `
<div
  className="searchContainer"
>
  <input
    className="searchInput"
    placeholder="What do you want to watch?"
  />
  <button
    className="searchButton"
    onClick={[Function]}
    type="button"
  >
    SEARCH
    
  </button>
</div>
`;
