// Jest Snapshot v1, https://goo.gl/fbAQLP

exports[`ModalWindow renders correctly 1`] = `null`;
